Starting tileserver-gl v5.6.0
[INFO] Automatically creating config file for C:\Users\santi\Desktop\maptiler-osm-2020-02-10-v3.11-planet.mbtiles
[INFO] Only a basic preview style will be used.
[INFO] See documentation to learn how to create config.json file.
[INFO] Loading data source from: C:\Users\santi\Desktop\maptiler-osm-2020-02-10-v3.11-planet.mbtiles
Run with --verbose to see the config file here.
[SECURITY WARNING] Host header poisoning mitigation is NOT enabled.
  Response URLs may be built from untrusted Host/X-Forwarded-* headers.
  For production, set --public_url or allowedHosts in config/options or TILESERVER_GL_ALLOWED_HOSTS env.
Starting server
Listening at http://127.0.0.1:8080/
Startup complete
[0mGET /styles/basic-preview/1/1/1.png [32m200[0m 374.592 ms - 13754[0m
[0mGET /styles/basic-preview/1/1/0.png [32m200[0m 380.264 ms - 23431[0m
[0mGET /styles/basic-preview/1/0/1.png [32m200[0m 392.038 ms - 9897[0m
[0mGET /styles/basic-preview/1/0/0.png [32m200[0m 398.059 ms - 21632[0m
[0mGET /styles/basic-preview/2/1/2.png [32m200[0m 220.103 ms - 14860[0m
[0mGET /styles/basic-preview/2/1/1.png [32m200[0m 309.881 ms - 25216[0m
[0mGET /styles/basic-preview/2/1/3.png [32m200[0m 316.692 ms - 7103[0m
[0mGET /styles/basic-preview/2/1/0.png [32m200[0m 353.191 ms - 12371[0m
[0mGET /styles/basic-preview/3/2/3.png [32m200[0m 356.489 ms - 19462[0m
[0mGET /styles/basic-preview/3/2/2.png [32m200[0m 361.537 ms - 16601[0m
[0mGET /styles/basic-preview/4/4/9.png [32m200[0m 179.060 ms - 12386[0m
[0mGET /styles/basic-preview/4/4/8.png [32m200[0m 191.343 ms - 17192[0m
[0mGET /styles/basic-preview/4/4/6.png [32m200[0m 203.475 ms - 21821[0m
[0mGET /styles/basic-preview/4/4/7.png [32m200[0m 198.867 ms - 24752[0m
[0mGET /styles/basic-preview/4/5/8.png [32m200[0m 24.706 ms - 22743[0m
[0mGET /styles/basic-preview/3/2/5.png [32m200[0m 187.705 ms - 8785[0m
[0mGET /styles/basic-preview/3/2/4.png [32m200[0m 198.748 ms - 19619[0m
[0mGET /styles/basic-preview/4/5/9.png [32m200[0m 167.884 ms - 24484[0m
[0mGET /styles/basic-preview/4/5/6.png [32m200[0m 185.943 ms - 3342[0m
[0mGET /styles/basic-preview/5/9/14.png [32m200[0m 139.157 ms - 21174[0m
[0mGET /styles/basic-preview/4/5/7.png [32m200[0m 180.327 ms - 15911[0m
[0mGET /styles/basic-preview/5/9/15.png [32m200[0m 169.175 ms - 24976[0m
[0mGET /styles/basic-preview/6/18/31.png [32m200[0m 166.597 ms - 33736[0m
[0mGET /styles/basic-preview/6/18/29.png [32m200[0m 130.874 ms - 4848[0m
[0mGET /styles/basic-preview/6/19/29.png [32m200[0m 125.635 ms - 11390[0m
[0mGET /styles/basic-preview/6/19/31.png [32m200[0m 159.180 ms - 13736[0m
[0mGET /styles/basic-preview/6/18/32.png [32m200[0m 127.628 ms - 17869[0m
[0mGET /styles/basic-preview/6/18/30.png [32m200[0m 168.129 ms - 28935[0m
[0mGET /styles/basic-preview/6/19/30.png [32m200[0m 143.335 ms - 29412[0m
[0mGET /styles/basic-preview/6/17/31.png [32m200[0m 118.282 ms - 5826[0m
[0mGET /styles/basic-preview/6/17/30.png [32m200[0m 112.009 ms - 21533[0m
[0mGET /styles/basic-preview/6/17/29.png [32m200[0m 128.129 ms - 15514[0m
[0mGET /styles/basic-preview/6/19/32.png [32m200[0m 129.522 ms - 12456[0m
[0mGET /styles/basic-preview/6/18/28.png [32m200[0m 119.829 ms - 25681[0m
[0mGET /styles/basic-preview/6/20/31.png [32m200[0m 136.223 ms - 10890[0m
[0mGET /styles/basic-preview/6/17/28.png [32m200[0m 10.382 ms - 10166[0m
[0mGET /styles/basic-preview/6/17/32.png [32m200[0m 118.024 ms - 24450[0m
[0mGET /styles/basic-preview/6/20/29.png [32m200[0m 153.328 ms - 6163[0m
[0mGET /styles/basic-preview/6/20/30.png [32m200[0m 139.019 ms - 28319[0m
[0mGET /styles/basic-preview/6/19/28.png [32m200[0m 137.199 ms - 30732[0m
[0mGET /styles/basic-preview/6/20/32.png [32m200[0m 136.737 ms - 7697[0m
[0mGET /styles/basic-preview/6/20/28.png [32m200[0m 121.248 ms - 17894[0m
[0mGET /styles/basic-preview/5/8/14.png [32m200[0m 27.694 ms - 26280[0m
[0mGET /styles/basic-preview/5/9/16.png [32m200[0m 158.548 ms - 20910[0m
[0mGET /styles/basic-preview/5/9/17.png [32m200[0m 164.545 ms - 15754[0m
[0mGET /styles/basic-preview/5/8/15.png [32m200[0m 157.818 ms - 11349[0m
[0mGET /styles/basic-preview/5/10/14.png [32m200[0m 146.167 ms - 18732[0m
[0mGET /styles/basic-preview/5/10/15.png [32m200[0m 151.991 ms - 25442[0m
[0mGET /styles/basic-preview/5/9/13.png [32m200[0m 154.056 ms - 6686[0m
[0mGET /styles/basic-preview/5/8/16.png [32m200[0m 122.516 ms - 10605[0m
[0mGET /styles/basic-preview/5/8/17.png [32m200[0m 120.064 ms - 2864[0m
[0mGET /styles/basic-preview/5/10/16.png [32m200[0m 118.484 ms - 19485[0m
[0mGET /styles/basic-preview/5/10/17.png [32m200[0m 104.143 ms - 16794[0m
[0mGET /styles/basic-preview/6/18/33.png [32m200[0m 129.742 ms - 33383[0m
[0mGET /styles/basic-preview/6/19/33.png [32m200[0m 21.442 ms - 10934[0m
[0mGET /styles/basic-preview/5/8/13.png [32m200[0m 166.588 ms - 23888[0m
[0mGET /styles/basic-preview/6/16/29.png [32m200[0m 29.144 ms - 37647[0m
[0mGET /styles/basic-preview/6/18/34.png [32m200[0m 133.056 ms - 22442[0m
[0mGET /styles/basic-preview/6/16/31.png [32m200[0m 127.310 ms - 2424[0m
[0mGET /styles/basic-preview/6/19/34.png [32m200[0m 128.325 ms - 28710[0m
[0mGET /styles/basic-preview/6/16/30.png [32m200[0m 138.407 ms - 7048[0m
[0mGET /styles/basic-preview/6/21/31.png [32m200[0m 123.868 ms - 15540[0m
[0mGET /styles/basic-preview/6/16/28.png [32m200[0m 103.895 ms - 22333[0m
[0mGET /styles/basic-preview/6/21/29.png [32m200[0m 94.731 ms - 15606[0m
[0mGET /styles/basic-preview/6/21/30.png [32m200[0m 103.386 ms - 22540[0m
[0mGET /styles/basic-preview/6/19/27.png [32m200[0m 69.415 ms - 3657[0m
[0mGET /styles/basic-preview/6/18/27.png [32m200[0m 88.202 ms - 11756[0m
[0mGET /styles/basic-preview/3/3/5.png [32m200[0m 20.893 ms - 2074[0m
[0mGET /styles/basic-preview/3/3/4.png [32m200[0m 24.283 ms - 5507[0m
[0mGET /styles/basic-preview/3/1/3.png [32m200[0m 99.457 ms - 16410[0m
[0mGET /styles/basic-preview/3/1/4.png [32m200[0m 133.036 ms - 1936[0m
[0mGET /styles/basic-preview/3/1/5.png [32m200[0m 133.156 ms - 1833[0m
[0mGET /styles/basic-preview/3/1/2.png [32m200[0m 132.423 ms - 17159[0m
[0mGET /styles/basic-preview/3/3/2.png [32m200[0m 123.323 ms - 10726[0m
[0mGET /styles/basic-preview/3/3/3.png [32m200[0m 122.210 ms - 15681[0m
[0mGET /styles/basic-preview/3/1/7.png [32m200[0m 75.095 ms - 2552[0m
[0mGET /styles/basic-preview/3/1/6.png [32m200[0m 93.884 ms - 7229[0m
[0mGET /styles/basic-preview/3/1/0.png [32m200[0m 82.560 ms - 3870[0m
[0mGET /styles/basic-preview/3/3/7.png [32m200[0m 91.583 ms - 4234[0m
[0mGET /styles/basic-preview/3/3/6.png [32m200[0m 106.334 ms - 6504[0m
[0mGET /styles/basic-preview/3/1/1.png [32m200[0m 114.505 ms - 14718[0m
[0mGET /styles/basic-preview/3/0/0.png [32m200[0m 12.063 ms - 1833[0m
[0mGET /styles/basic-preview/3/2/6.png [32m200[0m 53.637 ms - 11799[0m
[0mGET /styles/basic-preview/3/2/7.png [32m200[0m 55.333 ms - 6795[0m
[0mGET /styles/basic-preview/3/0/1.png [32m200[0m 68.055 ms - 4027[0m
[0mGET /styles/basic-preview/3/3/0.png [32m200[0m 124.328 ms - 9533[0m
[0mGET /styles/basic-preview/3/3/1.png [32m200[0m 122.870 ms - 10639[0m
[0mGET /styles/basic-preview/3/0/2.png [32m200[0m 76.350 ms - 8841[0m
[0mGET /styles/basic-preview/3/0/3.png [32m200[0m 23.239 ms - 2067[0m
[0mGET /styles/basic-preview/3/0/5.png [32m200[0m 18.653 ms - 1848[0m
[0mGET /styles/basic-preview/3/0/4.png [32m200[0m 76.891 ms - 1883[0m
[0mGET /styles/basic-preview/3/0/6.png [32m200[0m 69.879 ms - 6051[0m
[0mGET /styles/basic-preview/3/0/7.png [32m200[0m 83.590 ms - 6337[0m
[0mGET /styles/basic-preview/2/0/2.png [32m200[0m 90.114 ms - 1833[0m
[0mGET /styles/basic-preview/3/2/1.png [32m200[0m 170.449 ms - 16844[0m
[0mGET /styles/basic-preview/2/0/0.png [32m200[0m 67.309 ms - 7900[0m
[0mGET /styles/basic-preview/3/2/0.png [32m200[0m 208.150 ms - 13185[0m
[0mGET /styles/basic-preview/2/0/3.png [32m200[0m 118.134 ms - 6022[0m
[0mGET /styles/basic-preview/2/0/1.png [32m200[0m 116.765 ms - 16305[0m
[0mGET /styles/basic-preview/2/2/2.png [32m200[0m 71.441 ms - 11054[0m
[0mGET /styles/basic-preview/2/3/2.png [32m200[0m 74.414 ms - 10198[0m
[0mGET /styles/basic-preview/2/3/3.png [32m200[0m 74.895 ms - 4562[0m
[0mGET /styles/basic-preview/2/2/3.png [32m200[0m 77.339 ms - 3797[0m
[0mGET /styles/basic-preview/2/2/0.png [32m200[0m 95.195 ms - 6272[0m
[0mGET /styles/basic-preview/2/2/1.png [32m200[0m 98.285 ms - 38032[0m
[0mGET /styles/basic-preview/2/3/1.png [32m200[0m 41.963 ms - 17820[0m
[0mGET /styles/basic-preview/2/3/0.png [32m200[0m 46.054 ms - 4414[0m
[0mGET /styles/basic-preview/4/5/10.png [32m200[0m 35.129 ms - 5977[0m
[0mGET /styles/basic-preview/4/4/5.png [32m200[0m 61.940 ms - 23068[0m
[0mGET /styles/basic-preview/4/4/10.png [32m200[0m 45.382 ms - 17003[0m
[0mGET /styles/basic-preview/4/5/5.png [32m200[0m 67.923 ms - 13567[0m
[0mGET /styles/basic-preview/4/3/10.png [32m200[0m 73.498 ms - 1833[0m
[0mGET /styles/basic-preview/4/3/8.png [32m200[0m 96.805 ms - 2096[0m
[0mGET /styles/basic-preview/4/3/9.png [32m200[0m 120.086 ms - 1843[0m
[0mGET /styles/basic-preview/4/3/5.png [32m200[0m 117.009 ms - 21280[0m
[0mGET /styles/basic-preview/4/3/6.png [32m200[0m 132.791 ms - 24893[0m
[0mGET /styles/basic-preview/4/3/7.png [32m200[0m 154.272 ms - 9447[0m
[0mGET /styles/basic-preview/4/2/8.png [32m200[0m 13.034 ms - 1833[0m
[0mGET /styles/basic-preview/4/2/10.png [32m200[0m 73.208 ms - 1833[0m
[0mGET /styles/basic-preview/4/2/9.png [32m200[0m 114.068 ms - 1833[0m
[0mGET /styles/basic-preview/4/2/5.png [32m200[0m 132.872 ms - 19364[0m
[0mGET /styles/basic-preview/4/2/6.png [32m200[0m 142.625 ms - 12247[0m
[0mGET /styles/basic-preview/4/6/10.png [32m200[0m 90.917 ms - 2283[0m
[0mGET /styles/basic-preview/4/2/7.png [32m200[0m 127.675 ms - 1833[0m
[0mGET /styles/basic-preview/4/6/9.png [32m200[0m 164.636 ms - 4075[0m
[0mGET /styles/basic-preview/4/6/5.png [32m200[0m 120.920 ms - 1833[0m
[0mGET /styles/basic-preview/4/6/8.png [32m200[0m 223.140 ms - 12534[0m
[0mGET /styles/basic-preview/4/7/5.png [32m200[0m 236.311 ms - 11179[0m
[0mGET /styles/basic-preview/4/6/7.png [32m200[0m 237.088 ms - 2899[0m
[0mGET /styles/basic-preview/4/6/6.png [32m200[0m 262.484 ms - 2023[0m
[0mGET /styles/basic-preview/4/7/9.png [32m200[0m 19.909 ms - 1833[0m
[0mGET /styles/basic-preview/4/7/6.png [32m200[0m 244.390 ms - 14740[0m
[0mGET /styles/basic-preview/4/7/7.png [32m200[0m 244.926 ms - 20390[0m
[0mGET /styles/basic-preview/5/11/16.png [32m200[0m 28.904 ms - 18790[0m
[0mGET /styles/basic-preview/5/11/17.png [32m200[0m 28.478 ms - 27116[0m
[0mGET /styles/basic-preview/5/8/18.png [32m200[0m 90.824 ms - 2157[0m
[0mGET /styles/basic-preview/4/7/10.png [32m200[0m 112.202 ms - 1833[0m
[0mGET /styles/basic-preview/5/9/18.png [32m200[0m 113.748 ms - 15391[0m
[0mGET /styles/basic-preview/5/10/18.png [32m200[0m 99.430 ms - 20392[0m
[0mGET /styles/basic-preview/5/10/13.png [32m200[0m 73.382 ms - 1833[0m
[0mGET /styles/basic-preview/5/11/13.png [32m200[0m 70.128 ms - 1833[0m
[0mGET /styles/basic-preview/5/11/14.png [32m200[0m 95.836 ms - 1833[0m
[0mGET /styles/basic-preview/5/11/18.png [32m200[0m 118.827 ms - 27628[0m
[0mGET /styles/basic-preview/5/11/15.png [32m200[0m 97.615 ms - 11429[0m
[0mGET /styles/basic-preview/5/7/18.png [32m200[0m 53.049 ms - 1833[0m
[0mGET /styles/basic-preview/5/7/16.png [32m200[0m 74.807 ms - 2835[0m
[0mGET /styles/basic-preview/5/7/17.png [32m200[0m 82.536 ms - 1833[0m
[0mGET /styles/basic-preview/5/7/14.png [32m200[0m 100.850 ms - 22797[0m
[0mGET /styles/basic-preview/5/7/15.png [32m200[0m 104.094 ms - 2632[0m
[0mGET /styles/basic-preview/5/7/13.png [32m200[0m 110.704 ms - 23953[0m
[0mGET /styles/basic-preview/6/18/31.png [36m304[0m 2.329 ms - -[0m
[0mGET /styles/basic-preview/6/19/31.png [36m304[0m 2.894 ms - -[0m
[0mGET /styles/basic-preview/6/18/29.png [36m304[0m 3.355 ms - -[0m
[0mGET /styles/basic-preview/6/18/30.png [36m304[0m 4.502 ms - -[0m
[0mGET /styles/basic-preview/6/19/29.png [36m304[0m 1.352 ms - -[0m
[0mGET /styles/basic-preview/6/19/30.png [36m304[0m 1.462 ms - -[0m
[0mGET /styles/basic-preview/6/18/32.png [36m304[0m 1.452 ms - -[0m
[0mGET /styles/basic-preview/6/19/32.png [36m304[0m 1.099 ms - -[0m
[0mGET /styles/basic-preview/6/18/33.png [36m304[0m 1.164 ms - -[0m
[0mGET /styles/basic-preview/6/18/34.png [36m304[0m 2.722 ms - -[0m
[0mGET /styles/basic-preview/6/19/33.png [36m304[0m 2.005 ms - -[0m
[0mGET /styles/basic-preview/6/19/34.png [36m304[0m 2.199 ms - -[0m
[0mGET /styles/basic-preview/6/17/31.png [36m304[0m 0.754 ms - -[0m
[0mGET /styles/basic-preview/6/17/29.png [36m304[0m 0.785 ms - -[0m
[0mGET /styles/basic-preview/6/17/30.png [36m304[0m 1.018 ms - -[0m
[0mGET /styles/basic-preview/6/16/29.png [36m304[0m 1.486 ms - -[0m
[0mGET /styles/basic-preview/6/16/30.png [36m304[0m 0.742 ms - -[0m
[0mGET /styles/basic-preview/6/17/32.png [36m304[0m 0.800 ms - -[0m
[0mGET /styles/basic-preview/6/20/31.png [36m304[0m 0.937 ms - -[0m
[0mGET /styles/basic-preview/6/20/29.png [36m304[0m 3.337 ms - -[0m
[0mGET /styles/basic-preview/6/20/30.png [36m304[0m 15.741 ms - -[0m
[0mGET /styles/basic-preview/6/17/34.png [32m200[0m 53.342 ms - 3811[0m
[0mGET /styles/basic-preview/6/16/34.png [32m200[0m 53.377 ms - 1833[0m
[0mGET /styles/basic-preview/6/20/32.png [36m304[0m 1.245 ms - -[0m
[0mGET /styles/basic-preview/6/16/33.png [32m200[0m 78.185 ms - 2225[0m
[0mGET /styles/basic-preview/6/17/33.png [32m200[0m 79.663 ms - 10922[0m
[0mGET /styles/basic-preview/6/18/28.png [36m304[0m 1.220 ms - -[0m
[0mGET /styles/basic-preview/6/19/28.png [36m304[0m 1.301 ms - -[0m
[0mGET /styles/basic-preview/6/20/33.png [32m200[0m 56.243 ms - 14795[0m
[0mGET /styles/basic-preview/6/20/34.png [32m200[0m 58.928 ms - 14749[0m
[0mGET /styles/basic-preview/6/17/28.png [36m304[0m 0.616 ms - -[0m
[0mGET /styles/basic-preview/6/20/28.png [36m304[0m 0.642 ms - -[0m
[0mGET /styles/basic-preview/7/38/62.png [32m200[0m 47.523 ms - 9661[0m
[0mGET /styles/basic-preview/7/37/61.png [32m200[0m 62.660 ms - 22935[0m
[0mGET /styles/basic-preview/7/38/61.png [32m200[0m 80.172 ms - 20628[0m
[0mGET /styles/basic-preview/7/38/63.png [32m200[0m 89.278 ms - 11177[0m
[0mGET /styles/basic-preview/7/37/62.png [32m200[0m 94.766 ms - 30402[0m
[0mGET /styles/basic-preview/7/37/63.png [32m200[0m 100.174 ms - 12149[0m
[0mGET /styles/basic-preview/7/39/62.png [32m200[0m 68.283 ms - 12267[0m
[0mGET /styles/basic-preview/7/36/61.png [32m200[0m 128.460 ms - 17101[0m
[0mGET /styles/basic-preview/7/36/63.png [32m200[0m 94.871 ms - 23860[0m
[0mGET /styles/basic-preview/7/39/61.png [32m200[0m 112.097 ms - 14553[0m
[0mGET /styles/basic-preview/7/36/62.png [32m200[0m 130.989 ms - 18963[0m
[0mGET /styles/basic-preview/7/39/63.png [32m200[0m 116.550 ms - 12215[0m
[0mGET /styles/basic-preview/7/36/60.png [32m200[0m 100.646 ms - 10240[0m
[0mGET /styles/basic-preview/7/37/60.png [32m200[0m 134.490 ms - 30913[0m
[0mGET /styles/basic-preview/7/38/60.png [32m200[0m 118.155 ms - 19387[0m
[0mGET /styles/basic-preview/7/39/59.png [32m200[0m 107.721 ms - 16152[0m
[0mGET /styles/basic-preview/7/37/64.png [32m200[0m 123.323 ms - 14543[0m
[0mGET /styles/basic-preview/7/39/60.png [32m200[0m 138.372 ms - 20342[0m
[0mGET /styles/basic-preview/7/38/64.png [32m200[0m 42.447 ms - 11305[0m
[0mGET /styles/basic-preview/7/39/64.png [32m200[0m 44.532 ms - 10677[0m
[0mGET /styles/basic-preview/7/36/64.png [32m200[0m 76.471 ms - 24524[0m
[0mGET /styles/basic-preview/1/0/1.png [32m200[0m 50.024 ms - 9897[0m
[0mGET /styles/basic-preview/1/0/0.png [32m200[0m 80.983 ms - 21632[0m
[0mGET /styles/basic-preview/1/1/0.png [32m200[0m 48.745 ms - 23431[0m
[0mGET /styles/basic-preview/1/1/1.png [32m200[0m 60.457 ms - 13754[0m
[0mGET /styles/basic-preview/2/1/2.png [32m200[0m 202.216 ms - 14860[0m
[0mGET /styles/basic-preview/2/1/0.png [32m200[0m 207.097 ms - 12371[0m
[0mGET /styles/basic-preview/2/1/1.png [32m200[0m 274.277 ms - 25216[0m
[0mGET /styles/basic-preview/2/1/3.png [32m200[0m 286.449 ms - 7103[0m
[0mGET /styles/basic-preview/4/4/6.png [32m200[0m 273.202 ms - 21821[0m
[0mGET /styles/basic-preview/4/4/7.png [32m200[0m 286.084 ms - 24752[0m
[0mGET /styles/basic-preview/5/9/16.png [32m200[0m 265.482 ms - 20910[0m
[0mGET /styles/basic-preview/5/9/15.png [32m200[0m 324.802 ms - 24976[0m
[0mGET /styles/basic-preview/5/9/14.png [32m200[0m 358.852 ms - 21174[0m
[0mGET /styles/basic-preview/6/18/31.png [32m200[0m 347.345 ms - 33736[0m
[0mGET /styles/basic-preview/3/2/2.png [32m200[0m 399.079 ms - 16601[0m
[0mGET /styles/basic-preview/3/2/3.png [32m200[0m 398.653 ms - 19462[0m
[0mGET /styles/basic-preview/5/10/15.png [32m200[0m 36.269 ms - 25442[0m
[0mGET /styles/basic-preview/5/9/17.png [32m200[0m 196.231 ms - 15754[0m
[0mGET /styles/basic-preview/5/8/14.png [32m200[0m 222.725 ms - 26280[0m
[0mGET /styles/basic-preview/5/10/14.png [32m200[0m 200.087 ms - 18732[0m
[0mGET /styles/basic-preview/5/8/15.png [32m200[0m 274.007 ms - 11349[0m
[0mGET /styles/basic-preview/6/19/31.png [32m200[0m 231.699 ms - 13736[0m
[0mGET /styles/basic-preview/4/4/8.png [32m200[0m 278.235 ms - 17192[0m
[0mGET /styles/basic-preview/6/18/29.png [32m200[0m 215.245 ms - 4848[0m
[0mGET /styles/basic-preview/6/19/29.png [32m200[0m 197.986 ms - 11390[0m
[0mGET /styles/basic-preview/6/18/32.png [32m200[0m 151.430 ms - 17869[0m
[0mGET /styles/basic-preview/6/17/31.png [32m200[0m 183.043 ms - 5826[0m
[0mGET /styles/basic-preview/6/18/30.png [32m200[0m 236.019 ms - 28935[0m
[0mGET /styles/basic-preview/6/19/30.png [32m200[0m 232.911 ms - 29412[0m
[0mGET /styles/basic-preview/6/19/32.png [32m200[0m 184.617 ms - 12456[0m
[0mGET /styles/basic-preview/6/20/31.png [32m200[0m 140.916 ms - 10890[0m
[0mGET /styles/basic-preview/6/17/30.png [32m200[0m 190.168 ms - 21533[0m
[0mGET /styles/basic-preview/6/17/29.png [32m200[0m 193.057 ms - 15514[0m
[0mGET /styles/basic-preview/6/20/29.png [32m200[0m 202.928 ms - 6163[0m
[0mGET /styles/basic-preview/6/20/30.png [32m200[0m 196.940 ms - 28319[0m
[0mGET /styles/basic-preview/5/8/16.png [32m200[0m 37.710 ms - 10605[0m
[0mGET /styles/basic-preview/6/20/32.png [32m200[0m 247.009 ms - 7697[0m
[0mGET /styles/basic-preview/6/17/32.png [32m200[0m 314.906 ms - 24450[0m
[0mGET /styles/basic-preview/3/2/5.png [32m200[0m 253.555 ms - 8785[0m
[0mGET /styles/basic-preview/5/8/17.png [32m200[0m 315.496 ms - 2864[0m
[0mGET /styles/basic-preview/4/4/9.png [32m200[0m 331.327 ms - 12386[0m
[0mGET /styles/basic-preview/3/2/4.png [32m200[0m 326.715 ms - 19619[0m
[0mGET /styles/basic-preview/4/5/6.png [32m200[0m 69.593 ms - 3342[0m
[0mGET /styles/basic-preview/5/10/17.png [32m200[0m 200.673 ms - 16794[0m
[0mGET /styles/basic-preview/5/10/16.png [32m200[0m 265.233 ms - 19485[0m
[0mGET /styles/basic-preview/4/5/8.png [32m200[0m 217.275 ms - 22743[0m
[0mGET /styles/basic-preview/4/5/9.png [32m200[0m 200.484 ms - 24484[0m
[0mGET /styles/basic-preview/4/5/7.png [32m200[0m 244.530 ms - 15911[0m
[0mGET /styles/basic-preview/7/37/61.png [32m200[0m 69.412 ms - 22935[0m
[0mGET /styles/basic-preview/7/37/62.png [32m200[0m 73.489 ms - 30402[0m
[0mGET /styles/basic-preview/7/38/62.png [32m200[0m 143.111 ms - 9661[0m
[0mGET /styles/basic-preview/7/37/60.png [32m200[0m 161.936 ms - 30915[0m
[0mGET /styles/basic-preview/7/37/63.png [32m200[0m 179.957 ms - 12149[0m
[0mGET /styles/basic-preview/7/38/61.png [32m200[0m 205.023 ms - 20628[0m
[0mGET /styles/basic-preview/7/36/61.png [32m200[0m 134.472 ms - 17101[0m
[0mGET /styles/basic-preview/7/38/60.png [32m200[0m 35.732 ms - 19387[0m
[0mGET /styles/basic-preview/7/38/63.png [32m200[0m 49.856 ms - 11177[0m
[0mGET /styles/basic-preview/7/36/62.png [32m200[0m 170.231 ms - 18963[0m
[0mGET /styles/basic-preview/7/36/63.png [32m200[0m 39.299 ms - 23860[0m
[0mGET /styles/basic-preview/7/39/61.png [32m200[0m 33.516 ms - 14553[0m
[0mGET /styles/basic-preview/7/39/60.png [32m200[0m 38.950 ms - 20342[0m
[0mGET /styles/basic-preview/7/36/60.png [32m200[0m 156.768 ms - 10240[0m
[0mGET /styles/basic-preview/7/37/59.png [32m200[0m 143.343 ms - 6679[0m
[0mGET /styles/basic-preview/7/39/63.png [32m200[0m 124.862 ms - 12215[0m
[0mGET /styles/basic-preview/7/39/62.png [32m200[0m 162.102 ms - 12267[0m
[0mGET /styles/basic-preview/7/38/59.png [32m200[0m 138.353 ms - 11326[0m
[0mGET /styles/basic-preview/7/36/59.png [32m200[0m 112.056 ms - 1833[0m
[0mGET /styles/basic-preview/7/39/59.png [32m200[0m 53.755 ms - 16152[0m
[0mGET /styles/basic-preview/1/0/0.png [32m200[0m 17.221 ms - 21632[0m
[0mGET /styles/basic-preview/1/0/1.png [32m200[0m 20.679 ms - 9897[0m
[0mGET /styles/basic-preview/1/1/1.png [32m200[0m 13.509 ms - 13754[0m
[0mGET /styles/basic-preview/1/1/0.png [32m200[0m 31.387 ms - 23431[0m
[0mGET /styles/basic-preview/2/1/2.png [32m200[0m 74.541 ms - 14860[0m
[0mGET /styles/basic-preview/2/1/1.png [32m200[0m 75.916 ms - 25216[0m
[0mGET /styles/basic-preview/4/4/7.png [32m200[0m 51.968 ms - 24752[0m
[0mGET /styles/basic-preview/3/2/2.png [32m200[0m 50.125 ms - 16601[0m
[0mGET /styles/basic-preview/2/1/3.png [32m200[0m 225.093 ms - 7103[0m
[0mGET /styles/basic-preview/5/9/15.png [32m200[0m 79.776 ms - 24976[0m
[0mGET /styles/basic-preview/2/1/0.png [32m200[0m 238.729 ms - 12371[0m
[0mGET /styles/basic-preview/5/10/14.png [32m200[0m 58.069 ms - 18732[0m
[0mGET /styles/basic-preview/4/4/6.png [32m200[0m 353.088 ms - 21821[0m
[0mGET /styles/basic-preview/3/2/3.png [32m200[0m 345.726 ms - 19462[0m
[0mGET /styles/basic-preview/5/9/14.png [32m200[0m 332.141 ms - 21174[0m
[0mGET /styles/basic-preview/4/5/6.png [32m200[0m 91.130 ms - 3342[0m
[0mGET /styles/basic-preview/4/5/7.png [32m200[0m 59.599 ms - 15911[0m
[0mGET /styles/basic-preview/5/8/15.png [32m200[0m 320.139 ms - 11349[0m
[0mGET /styles/basic-preview/5/8/14.png [32m200[0m 365.779 ms - 26280[0m
[0mGET /styles/basic-preview/5/10/15.png [32m200[0m 275.801 ms - 25442[0m
[0mGET /styles/basic-preview/6/17/31.png [32m200[0m 210.628 ms - 5826[0m
[0mGET /styles/basic-preview/6/17/29.png [32m200[0m 196.826 ms - 15514[0m
[0mGET /styles/basic-preview/7/37/61.png [32m200[0m 182.615 ms - 22935[0m
[0mGET /styles/basic-preview/7/37/62.png [32m200[0m 114.865 ms - 30402[0m
[0mGET /styles/basic-preview/7/38/61.png [32m200[0m 122.374 ms - 20628[0m
[0mGET /styles/basic-preview/7/38/62.png [32m200[0m 115.703 ms - 9661[0m
[0mGET /styles/basic-preview/7/37/60.png [32m200[0m 125.861 ms - 30913[0m
[0mGET /styles/basic-preview/7/37/63.png [32m200[0m 116.035 ms - 12149[0m
[0mGET /styles/basic-preview/7/36/62.png [32m200[0m 95.923 ms - 18963[0m
[0mGET /styles/basic-preview/7/36/61.png [32m200[0m 116.313 ms - 17101[0m
[0mGET /styles/basic-preview/7/38/63.png [32m200[0m 80.861 ms - 11177[0m
[0mGET /styles/basic-preview/7/36/63.png [32m200[0m 70.462 ms - 23860[0m
[0mGET /styles/basic-preview/7/36/60.png [32m200[0m 72.421 ms - 10240[0m
[0mGET /styles/basic-preview/7/39/61.png [32m200[0m 69.086 ms - 14553[0m
[0mGET /styles/basic-preview/7/39/62.png [32m200[0m 143.091 ms - 12267[0m
[0mGET /styles/basic-preview/7/38/59.png [32m200[0m 112.971 ms - 11326[0m
[0mGET /styles/basic-preview/7/37/59.png [32m200[0m 155.666 ms - 6679[0m
[0mGET /styles/basic-preview/7/38/60.png [32m200[0m 282.376 ms - 19387[0m
[0mGET /styles/basic-preview/7/39/63.png [32m200[0m 144.169 ms - 12215[0m
[0mGET /styles/basic-preview/7/39/60.png [32m200[0m 163.823 ms - 20342[0m
[0mGET /styles/basic-preview/7/36/59.png [32m200[0m 63.507 ms - 1833[0m
[0mGET /styles/basic-preview/6/17/30.png [32m200[0m 43.377 ms - 21533[0m
[0mGET /styles/basic-preview/6/18/31.png [32m200[0m 30.928 ms - 33736[0m
[0mGET /styles/basic-preview/7/39/59.png [32m200[0m 110.989 ms - 16152[0m
[0mGET /styles/basic-preview/6/18/29.png [32m200[0m 124.694 ms - 4848[0m
[0mGET /styles/basic-preview/6/20/31.png [32m200[0m 130.101 ms - 10890[0m
[0mGET /styles/basic-preview/6/18/32.png [32m200[0m 39.601 ms - 17869[0m
[0mGET /styles/basic-preview/6/19/32.png [32m200[0m 38.755 ms - 12456[0m
[0mGET /styles/basic-preview/6/18/28.png [32m200[0m 39.062 ms - 25686[0m
[0mGET /styles/basic-preview/5/8/16.png [32m200[0m 16.191 ms - 10605[0m
[0mGET /styles/basic-preview/6/19/28.png [32m200[0m 83.742 ms - 30732[0m
[0mGET /styles/basic-preview/5/8/17.png [32m200[0m 89.925 ms - 2864[0m
[0mGET /styles/basic-preview/6/19/29.png [32m200[0m 119.833 ms - 11390[0m
[0mGET /styles/basic-preview/5/10/16.png [32m200[0m 95.260 ms - 19485[0m
[0mGET /styles/basic-preview/5/9/16.png [32m200[0m 60.728 ms - 20907[0m
[0mGET /styles/basic-preview/5/9/17.png [32m200[0m 68.084 ms - 15754[0m
[0mGET /styles/basic-preview/5/9/13.png [32m200[0m 110.659 ms - 6686[0m
[0mGET /styles/basic-preview/4/4/9.png [32m200[0m 33.860 ms - 12386[0m
[0mGET /styles/basic-preview/4/4/8.png [32m200[0m 101.812 ms - 17192[0m
[0mGET /styles/basic-preview/4/5/8.png [32m200[0m 84.259 ms - 22743[0m
[0mGET /styles/basic-preview/5/8/13.png [32m200[0m 168.135 ms - 23885[0m
[0mGET /styles/basic-preview/4/3/6.png [32m200[0m 79.620 ms - 24893[0m
[0mGET /styles/basic-preview/4/5/9.png [32m200[0m 38.671 ms - 24484[0m
[0mGET /styles/basic-preview/4/3/8.png [32m200[0m 142.384 ms - 2096[0m
[0mGET /styles/basic-preview/4/3/9.png [32m200[0m 191.901 ms - 1843[0m
[0mGET /styles/basic-preview/4/3/7.png [32m200[0m 193.005 ms - 9447[0m
[0mGET /styles/basic-preview/4/5/5.png [32m200[0m 158.148 ms - 13567[0m
[0mGET /styles/basic-preview/4/3/5.png [32m200[0m 165.848 ms - 21280[0m
[0mGET /styles/basic-preview/4/4/5.png [32m200[0m 201.024 ms - 23068[0m
[0mGET /styles/basic-preview/3/2/4.png [32m200[0m 26.831 ms - 19619[0m
[0mGET /styles/basic-preview/4/3/10.png [32m200[0m 67.519 ms - 1833[0m
[0mGET /styles/basic-preview/4/5/10.png [32m200[0m 84.513 ms - 5977[0m
[0mGET /styles/basic-preview/4/4/10.png [32m200[0m 83.249 ms - 17003[0m
[0mGET /styles/basic-preview/4/2/6.png [32m200[0m 136.361 ms - 12247[0m
[0mGET /styles/basic-preview/4/2/9.png [32m200[0m 68.231 ms - 1833[0m
[0mGET /styles/basic-preview/3/2/5.png [32m200[0m 145.109 ms - 8785[0m
[0mGET /styles/basic-preview/4/2/7.png [32m200[0m 166.241 ms - 1833[0m
[0mGET /styles/basic-preview/4/2/8.png [32m200[0m 199.548 ms - 1833[0m
[0mGET /styles/basic-preview/3/1/4.png [32m200[0m 144.844 ms - 1936[0m
[0mGET /styles/basic-preview/3/1/3.png [32m200[0m 146.810 ms - 16410[0m
[0mGET /styles/basic-preview/3/1/2.png [32m200[0m 179.425 ms - 17159[0m
[0mGET /styles/basic-preview/3/1/5.png [32m200[0m 136.511 ms - 1833[0m
[0mGET /styles/basic-preview/4/2/5.png [32m200[0m 239.384 ms - 19364[0m
[0mGET /styles/basic-preview/3/3/2.png [32m200[0m 40.124 ms - 10726[0m
[0mGET /styles/basic-preview/3/1/0.png [32m200[0m 82.216 ms - 3870[0m
[0mGET /styles/basic-preview/3/1/1.png [32m200[0m 117.008 ms - 14718[0m
[0mGET /styles/basic-preview/3/3/5.png [32m200[0m 191.529 ms - 2074[0m
[0mGET /styles/basic-preview/3/3/4.png [32m200[0m 200.637 ms - 5507[0m
[0mGET /styles/basic-preview/3/3/3.png [32m200[0m 201.559 ms - 15681[0m
[0mGET /styles/basic-preview/3/2/0.png [32m200[0m 160.447 ms - 13185[0m
[0mGET /styles/basic-preview/3/0/4.png [32m200[0m 55.392 ms - 1883[0m
[0mGET /styles/basic-preview/3/1/6.png [32m200[0m 84.659 ms - 7229[0m
[0mGET /styles/basic-preview/3/1/7.png [32m200[0m 81.008 ms - 2552[0m
[0mGET /styles/basic-preview/3/2/1.png [32m200[0m 192.936 ms - 16844[0m
[0mGET /styles/basic-preview/3/0/5.png [32m200[0m 126.157 ms - 1848[0m
[0mGET /styles/basic-preview/3/2/6.png [32m200[0m 122.867 ms - 11799[0m
[0mGET /styles/basic-preview/3/3/0.png [32m200[0m 39.365 ms - 9533[0m
[0mGET /styles/basic-preview/3/2/7.png [32m200[0m 151.925 ms - 6795[0m
[0mGET /styles/basic-preview/3/0/2.png [32m200[0m 150.107 ms - 8841[0m
[0mGET /styles/basic-preview/3/0/3.png [32m200[0m 149.826 ms - 2067[0m
[0mGET /styles/basic-preview/3/3/6.png [32m200[0m 141.683 ms - 6504[0m
[0mGET /styles/basic-preview/3/3/7.png [32m200[0m 147.440 ms - 4234[0m
[0mGET /styles/basic-preview/3/0/6.png [32m200[0m 96.429 ms - 6051[0m
[0mGET /styles/basic-preview/3/0/7.png [32m200[0m 132.046 ms - 6337[0m
[0mGET /styles/basic-preview/3/0/1.png [32m200[0m 140.801 ms - 4027[0m
[0mGET /styles/basic-preview/3/0/0.png [32m200[0m 145.310 ms - 1833[0m
[0mGET /styles/basic-preview/3/3/1.png [32m200[0m 173.057 ms - 10639[0m
[0mGET /styles/basic-preview/2/0/0.png [32m200[0m 213.805 ms - 7900[0m
[0mGET /styles/basic-preview/2/0/1.png [32m200[0m 151.883 ms - 16305[0m
[0mGET /styles/basic-preview/2/0/2.png [32m200[0m 151.777 ms - 1833[0m
[0mGET /styles/basic-preview/2/0/3.png [32m200[0m 137.110 ms - 6022[0m
[0mGET /styles/basic-preview/2/2/2.png [32m200[0m 114.539 ms - 11054[0m
[0mGET /styles/basic-preview/2/3/1.png [32m200[0m 164.997 ms - 17820[0m
[0mGET /styles/basic-preview/2/2/1.png [32m200[0m 167.212 ms - 38032[0m
[0mGET /styles/basic-preview/2/2/0.png [32m200[0m 179.590 ms - 6272[0m
[0mGET /styles/basic-preview/2/2/3.png [32m200[0m 180.801 ms - 3797[0m
[0mGET /styles/basic-preview/2/3/0.png [32m200[0m 182.147 ms - 4414[0m
[0mGET /styles/basic-preview/2/3/2.png [32m200[0m 70.043 ms - 10198[0m
[0mGET /styles/basic-preview/2/3/3.png [32m200[0m 67.744 ms - 4562[0m
[0mGET /styles/basic-preview/3/4/4.png [32m200[0m 154.763 ms - 21937[0m
[0mGET /styles/basic-preview/3/4/5.png [32m200[0m 157.602 ms - 1841[0m
[0mGET /styles/basic-preview/3/4/2.png [32m200[0m 176.159 ms - 34057[0m
[0mGET /styles/basic-preview/3/4/3.png [32m200[0m 175.031 ms - 29543[0m
[0mGET /styles/basic-preview/3/5/2.png [32m200[0m 236.128 ms - 10881[0m
[0mGET /styles/basic-preview/3/5/3.png [32m200[0m 239.817 ms - 24938[0m
[0mGET /styles/basic-preview/3/5/4.png [32m200[0m 62.713 ms - 4053[0m
[0mGET /styles/basic-preview/3/5/5.png [32m200[0m 62.411 ms - 2523[0m
[0mGET /styles/basic-preview/3/5/6.png [32m200[0m 92.216 ms - 5532[0m
[0mGET /styles/basic-preview/3/5/7.png [32m200[0m 90.410 ms - 2404[0m
[0mGET /styles/basic-preview/3/4/1.png [32m200[0m 257.167 ms - 8994[0m
[0mGET /styles/basic-preview/3/5/0.png [32m200[0m 177.866 ms - 5708[0m
[0mGET /styles/basic-preview/3/4/0.png [32m200[0m 277.134 ms - 4797[0m
[0mGET /styles/basic-preview/3/5/1.png [32m200[0m 179.992 ms - 9046[0m
[0mGET /styles/basic-preview/3/4/6.png [32m200[0m 43.732 ms - 5592[0m
[0mGET /styles/basic-preview/3/4/7.png [32m200[0m 47.650 ms - 2476[0m
[0mGET /styles/basic-preview/3/6/4.png [32m200[0m 192.276 ms - 9976[0m
[0mGET /styles/basic-preview/3/7/5.png [32m200[0m 255.908 ms - 3246[0m
[0mGET /styles/basic-preview/3/6/5.png [32m200[0m 258.792 ms - 3513[0m
[0mGET /styles/basic-preview/3/6/3.png [32m200[0m 258.366 ms - 22454[0m
[0mGET /styles/basic-preview/3/7/4.png [32m200[0m 291.026 ms - 12054[0m
[0mGET /styles/basic-preview/3/6/2.png [32m200[0m 265.006 ms - 8530[0m
[0mGET /styles/basic-preview/3/7/7.png [32m200[0m 114.900 ms - 4155[0m
[0mGET /styles/basic-preview/3/7/6.png [32m200[0m 122.286 ms - 7340[0m
[0mGET /styles/basic-preview/3/6/7.png [32m200[0m 109.532 ms - 2523[0m
[0mGET /styles/basic-preview/3/6/6.png [32m200[0m 120.136 ms - 3400[0m
[0mGET /styles/basic-preview/3/7/3.png [32m200[0m 205.994 ms - 2645[0m
[0mGET /styles/basic-preview/3/7/2.png [32m200[0m 227.974 ms - 6577[0m
[0mGET /styles/basic-preview/3/6/0.png [32m200[0m 133.432 ms - 4331[0m
[0mGET /styles/basic-preview/3/7/1.png [32m200[0m 182.191 ms - 5431[0m
[0mGET /styles/basic-preview/3/7/0.png [32m200[0m 184.379 ms - 1833[0m
[0mGET /styles/basic-preview/3/6/1.png [32m200[0m 143.865 ms - 6614[0m
[0mGET /styles/basic-preview/1/0/0.png [32m200[0m 25.431 ms - 21632[0m
[0mGET /styles/basic-preview/1/0/1.png [32m200[0m 26.852 ms - 9897[0m
[0mGET /styles/basic-preview/1/1/1.png [32m200[0m 29.264 ms - 13754[0m
[0mGET /styles/basic-preview/1/1/0.png [32m200[0m 33.973 ms - 23431[0m
[0mGET /styles/basic-preview/2/1/3.png [32m200[0m 77.529 ms - 7103[0m
[0mGET /styles/basic-preview/2/1/1.png [32m200[0m 97.729 ms - 25216[0m
[0mGET /styles/basic-preview/2/1/0.png [32m200[0m 99.843 ms - 12371[0m
[0mGET /styles/basic-preview/2/1/2.png [32m200[0m 102.878 ms - 14860[0m
[0mGET /styles/basic-preview/4/4/7.png [32m200[0m 106.345 ms - 24752[0m
[0mGET /styles/basic-preview/4/4/6.png [32m200[0m 107.992 ms - 21821[0m
[0mGET /styles/basic-preview/3/2/3.png [32m200[0m 143.889 ms - 19462[0m
[0mGET /styles/basic-preview/3/2/2.png [32m200[0m 150.399 ms - 16607[0m
[0mGET /styles/basic-preview/3/2/5.png [32m200[0m 113.936 ms - 8785[0m
[0mGET /styles/basic-preview/4/4/8.png [32m200[0m 159.578 ms - 17192[0m
[0mGET /styles/basic-preview/4/4/9.png [32m200[0m 155.969 ms - 12386[0m
[0mGET /styles/basic-preview/4/5/6.png [32m200[0m 23.034 ms - 3342[0m
[0mGET /styles/basic-preview/4/5/7.png [32m200[0m 30.076 ms - 15911[0m
[0mGET /styles/basic-preview/3/2/4.png [32m200[0m 251.498 ms - 19619[0m
[0mGET /styles/basic-preview/5/9/16.png [32m200[0m 127.881 ms - 20910[0m
[0mGET /styles/basic-preview/5/9/14.png [32m200[0m 149.282 ms - 21175[0m
[0mGET /styles/basic-preview/5/9/17.png [32m200[0m 141.327 ms - 15754[0m
[0mGET /styles/basic-preview/5/9/15.png [32m200[0m 164.815 ms - 24976[0m
[0mGET /styles/basic-preview/6/18/31.png [32m200[0m 151.142 ms - 33736[0m
[0mGET /styles/basic-preview/6/18/29.png [32m200[0m 106.932 ms - 4848[0m
[0mGET /styles/basic-preview/6/19/29.png [32m200[0m 122.729 ms - 11390[0m
[0mGET /styles/basic-preview/6/19/31.png [32m200[0m 150.822 ms - 13736[0m
[0mGET /styles/basic-preview/6/18/32.png [32m200[0m 132.798 ms - 17869[0m
[0mGET /styles/basic-preview/6/19/30.png [32m200[0m 138.426 ms - 29412[0m
[0mGET /styles/basic-preview/6/18/30.png [32m200[0m 199.276 ms - 28935[0m
[0mGET /styles/basic-preview/6/17/30.png [0m-[0m - ms - -[0m
[0mGET /styles/basic-preview/6/20/31.png [0m-[0m - ms - -[0m
[0mGET /styles/basic-preview/6/20/29.png [0m-[0m - ms - -[0m
[0mGET /styles/basic-preview/6/17/31.png [0m-[0m - ms - -[0m
[0mGET /styles/basic-preview/6/17/29.png [0m-[0m - ms - -[0m
[0mGET /styles/basic-preview/6/19/32.png [0m-[0m - ms - -[0m
[0mHEAD /styles/basic-preview/0/0/0.png [32m200[0m 51.875 ms - 42246[0m
[0mGET /styles/basic-preview/1/0/1.png [32m200[0m 56.697 ms - 9897[0m
[0mGET /styles/basic-preview/1/0/0.png [32m200[0m 152.177 ms - 21632[0m
[0mGET /styles/basic-preview/1/1/0.png [32m200[0m 133.676 ms - 23431[0m
[0mGET /styles/basic-preview/1/1/1.png [32m200[0m 127.838 ms - 13754[0m
[0mGET /styles/basic-preview/4/4/6.png [32m200[0m 107.064 ms - 21821[0m
[0mGET /styles/basic-preview/2/1/3.png [32m200[0m 844.464 ms - 7103[0m
[0mGET /styles/basic-preview/2/1/0.png [32m200[0m 1042.416 ms - 12371[0m
[0mGET /styles/basic-preview/2/1/2.png [32m200[0m 1079.599 ms - 14860[0m
[0mGET /styles/basic-preview/2/1/1.png [32m200[0m 1176.621 ms - 25216[0m
[0mGET /styles/basic-preview/4/4/7.png [32m200[0m 1136.196 ms - 24752[0m
[0mGET /styles/basic-preview/3/2/2.png [32m200[0m 1145.291 ms - 16601[0m
[0mGET /styles/basic-preview/3/2/5.png [32m200[0m 300.636 ms - 8785[0m
[0mGET /styles/basic-preview/3/2/3.png [32m200[0m 623.992 ms - 19462[0m
[0mGET /styles/basic-preview/4/4/9.png [32m200[0m 477.885 ms - 12386[0m
[0mGET /styles/basic-preview/3/2/4.png [32m200[0m 623.118 ms - 19619[0m
[0mGET /styles/basic-preview/4/4/8.png [32m200[0m 646.362 ms - 17192[0m
[0mGET /styles/basic-preview/4/5/7.png [32m200[0m 179.349 ms - 15911[0m
[0mGET /styles/basic-preview/4/5/6.png [32m200[0m 567.275 ms - 3342[0m
[0mGET /styles/basic-preview/6/19/29.png [32m200[0m 244.266 ms - 11390[0m
[0mGET /styles/basic-preview/6/18/29.png [32m200[0m 264.830 ms - 4848[0m
[0mGET /styles/basic-preview/6/19/31.png [32m200[0m 390.242 ms - 13736[0m
[0mGET /styles/basic-preview/6/18/31.png [32m200[0m 478.159 ms - 33736[0m
[0mGET /styles/basic-preview/6/18/30.png [32m200[0m 327.057 ms - 28935[0m
[0mGET /styles/basic-preview/6/17/30.png [32m200[0m 44.706 ms - 21533[0m
[0mGET /styles/basic-preview/6/18/32.png [32m200[0m 261.401 ms - 17869[0m
[0mGET /styles/basic-preview/6/19/32.png [32m200[0m 325.783 ms - 12456[0m
[0mGET /styles/basic-preview/6/17/31.png [32m200[0m 410.767 ms - 5826[0m
[0mGET /styles/basic-preview/6/17/29.png [32m200[0m 352.696 ms - 15514[0m
[0mGET /styles/basic-preview/6/20/31.png [32m200[0m 281.678 ms - 10890[0m
[0mGET /styles/basic-preview/6/19/30.png [32m200[0m 431.981 ms - 29412[0m
[0mGET /styles/basic-preview/6/20/29.png [32m200[0m 286.593 ms - 6163[0m
[0mGET /styles/basic-preview/6/20/32.png [32m200[0m 263.537 ms - 7697[0m
[0mGET /styles/basic-preview/5/10/13.png [32m200[0m 291.952 ms - 1833[0m
[0mGET /styles/basic-preview/6/17/32.png [32m200[0m 309.639 ms - 24450[0m
[0mGET /styles/basic-preview/6/20/30.png [32m200[0m 318.396 ms - 28319[0m
[0mGET /styles/basic-preview/5/10/14.png [32m200[0m 321.802 ms - 18732[0m
[0mGET /styles/basic-preview/5/9/14.png [32m200[0m 83.252 ms - 21175[0m
[0mGET /styles/basic-preview/5/9/17.png [32m200[0m 259.778 ms - 15754[0m
[0mGET /styles/basic-preview/5/9/16.png [32m200[0m 308.116 ms - 20910[0m
[0mGET /styles/basic-preview/5/9/15.png [32m200[0m 324.292 ms - 24976[0m
[0mGET /styles/basic-preview/5/10/15.png [32m200[0m 392.630 ms - 25442[0m
[0mGET /styles/basic-preview/5/8/14.png [32m200[0m 433.199 ms - 26280[0m
[0mGET /styles/basic-preview/5/8/15.png [32m200[0m 433.616 ms - 11349[0m
[0mGET /styles/basic-preview/5/8/16.png [32m200[0m 165.129 ms - 10605[0m
[0mGET /styles/basic-preview/4/5/8.png [32m200[0m 46.355 ms - 22743[0m
[0mGET /styles/basic-preview/5/10/16.png [32m200[0m 389.198 ms - 19485[0m
[0mGET /styles/basic-preview/5/8/17.png [32m200[0m 433.666 ms - 2864[0m
[0mGET /styles/basic-preview/5/10/17.png [32m200[0m 386.243 ms - 16791[0m
[0mGET /styles/basic-preview/4/5/9.png [32m200[0m 447.133 ms - 24484[0m
[0mGET /styles/basic-preview/2/0/3.png [32m200[0m 183.248 ms - 6022[0m
[0mGET /styles/basic-preview/2/0/0.png [32m200[0m 147.376 ms - 7900[0m
[0mGET /styles/basic-preview/2/0/1.png [32m200[0m 100.761 ms - 16305[0m
[0mGET /styles/basic-preview/6/16/32.png [32m200[0m 203.667 ms - 3515[0m
[0mGET /styles/basic-preview/2/0/2.png [32m200[0m 356.554 ms - 1833[0m
[0mGET /styles/basic-preview/3/1/3.png [32m200[0m 154.100 ms - 16410[0m
[0mGET /styles/basic-preview/3/1/2.png [32m200[0m 160.246 ms - 17159[0m
[0mGET /styles/basic-preview/3/1/4.png [32m200[0m 152.556 ms - 1936[0m
[0mGET /styles/basic-preview/3/1/5.png [32m200[0m 173.470 ms - 1833[0m
[0mGET /styles/basic-preview/6/20/33.png [32m200[0m 181.680 ms - 14795[0m
[0mGET /styles/basic-preview/5/8/13.png [32m200[0m 350.413 ms - 23888[0m
[0mGET /styles/basic-preview/6/20/34.png [32m200[0m 185.912 ms - 14749[0m
[0mGET /styles/basic-preview/5/9/13.png [32m200[0m 435.047 ms - 6686[0m
[0mGET /styles/basic-preview/6/17/33.png [32m200[0m 24.190 ms - 10922[0m
[0mGET /styles/basic-preview/6/21/32.png [32m200[0m 791.440 ms - 13651[0m
[0mGET /styles/basic-preview/6/21/33.png [32m200[0m 838.107 ms - 6033[0m
[0mGET /styles/basic-preview/3/3/2.png [32m200[0m 874.226 ms - 10726[0m
[0mGET /styles/basic-preview/3/1/0.png [32m200[0m 617.439 ms - 3870[0m
[0mGET /styles/basic-preview/4/4/5.png [32m200[0m 2063.362 ms - 23068[0m
[0mGET /styles/basic-preview/3/3/5.png [32m200[0m 1173.693 ms - 2074[0m
[0mGET /styles/basic-preview/3/3/4.png [32m200[0m 1650.823 ms - 5507[0m
[0mGET /styles/basic-preview/3/3/3.png [32m200[0m 1653.484 ms - 15681[0m
[0mGET /styles/basic-preview/3/1/1.png [32m200[0m 901.423 ms - 14718[0m
[0mGET /styles/basic-preview/3/1/7.png [32m200[0m 278.626 ms - 2552[0m
[0mGET /styles/basic-preview/3/1/6.png [32m200[0m 298.369 ms - 7229[0m
[0mGET /styles/basic-preview/3/3/7.png [32m200[0m 414.331 ms - 4234[0m
[0mGET /styles/basic-preview/3/3/6.png [32m200[0m 460.632 ms - 6504[0m
[0mGET /styles/basic-preview/3/3/1.png [32m200[0m 534.671 ms - 10639[0m
[0mGET /styles/basic-preview/3/3/0.png [32m200[0m 633.821 ms - 9533[0m
[0mGET /styles/basic-preview/3/0/5.png [32m200[0m 340.781 ms - 1848[0m
[0mGET /styles/basic-preview/3/0/4.png [32m200[0m 449.083 ms - 1883[0m
[0mGET /styles/basic-preview/3/0/3.png [32m200[0m 376.689 ms - 2067[0m
[0mGET /styles/basic-preview/3/0/2.png [32m200[0m 445.709 ms - 8841[0m
[0mGET /styles/basic-preview/3/2/0.png [32m200[0m 574.151 ms - 13185[0m
[0mGET /styles/basic-preview/3/2/1.png [32m200[0m 612.012 ms - 16844[0m
[0mGET /styles/basic-preview/3/0/7.png [32m200[0m 210.017 ms - 6337[0m
[0mGET /styles/basic-preview/3/0/1.png [32m200[0m 173.612 ms - 4027[0m
[0mGET /styles/basic-preview/3/2/6.png [32m200[0m 491.559 ms - 11799[0m
[0mGET /styles/basic-preview/3/0/6.png [32m200[0m 424.435 ms - 6051[0m
[0mGET /styles/basic-preview/3/2/7.png [32m200[0m 476.637 ms - 6795[0m
[0mGET /styles/basic-preview/3/0/0.png [32m200[0m 289.257 ms - 1833[0m
[0mGET /styles/basic-preview/1/0/0.png [36m304[0m 3.663 ms - -[0m
[0mGET /styles/basic-preview/1/0/1.png [36m304[0m 4.425 ms - -[0m
[0mGET /styles/basic-preview/1/1/0.png [36m304[0m 3.648 ms - -[0m
[0mGET /styles/basic-preview/1/1/1.png [36m304[0m 3.557 ms - -[0m
[0mGET /styles/basic-preview/2/1/0.png [36m304[0m 2.892 ms - -[0m
[0mGET /styles/basic-preview/2/1/1.png [36m304[0m 2.890 ms - -[0m
[0mGET /styles/basic-preview/2/1/2.png [36m304[0m 6.983 ms - -[0m
[0mGET /styles/basic-preview/2/1/3.png [36m304[0m 3.216 ms - -[0m
[0mGET /styles/basic-preview/3/2/2.png [36m304[0m 2.369 ms - -[0m
[0mGET /styles/basic-preview/3/2/3.png [36m304[0m 2.562 ms - -[0m
[0mGET /styles/basic-preview/4/4/6.png [36m304[0m 2.737 ms - -[0m
[0mGET /styles/basic-preview/4/4/7.png [36m304[0m 3.638 ms - -[0m
[0mGET /styles/basic-preview/6/20/31.png [36m304[0m 4.349 ms - -[0m
[0mGET /styles/basic-preview/6/20/29.png [36m304[0m 3.477 ms - -[0m
[0mGET /styles/basic-preview/6/20/30.png [36m304[0m 5.025 ms - -[0m
[0mGET /styles/basic-preview/5/10/14.png [36m304[0m 3.283 ms - -[0m
[0mGET /styles/basic-preview/5/10/15.png [36m304[0m 1.440 ms - -[0m
[0mGET /styles/basic-preview/4/5/6.png [36m304[0m 1.897 ms - -[0m
[0mGET /styles/basic-preview/4/5/7.png [36m304[0m 2.951 ms - -[0m
[0mGET /styles/basic-preview/5/9/14.png [36m304[0m 4.072 ms - -[0m
[0mGET /styles/basic-preview/5/9/15.png [36m304[0m 21.827 ms - -[0m
[0mGET /styles/basic-preview/6/18/31.png [36m304[0m 3.146 ms - -[0m
[0mGET /styles/basic-preview/6/19/31.png [36m304[0m 40.020 ms - -[0m
[0mGET /styles/basic-preview/7/37/61.png [36m304[0m 2.228 ms - -[0m
[0mGET /styles/basic-preview/7/37/62.png [36m304[0m 62.793 ms - -[0m
[0mGET /styles/basic-preview/7/40/62.png [32m200[0m 458.135 ms - 8953[0m
[0mGET /styles/basic-preview/7/40/63.png [32m200[0m 381.529 ms - 10192[0m
[0mGET /styles/basic-preview/7/38/61.png [36m304[0m 9.105 ms - -[0m
[0mGET /styles/basic-preview/7/40/61.png [32m200[0m 574.188 ms - 18830[0m
[0mGET /styles/basic-preview/7/40/60.png [32m200[0m 575.043 ms - 20902[0m
[0mGET /styles/basic-preview/7/38/62.png [36m304[0m 11.138 ms - -[0m
[0mGET /styles/basic-preview/7/37/60.png [36m304[0m 14.492 ms - -[0m
[0mGET /styles/basic-preview/7/37/63.png [36m304[0m 20.765 ms - -[0m
[0mGET /styles/basic-preview/7/36/61.png [36m304[0m 4.131 ms - -[0m
[0mGET /styles/basic-preview/7/36/62.png [36m304[0m 12.363 ms - -[0m
[0mGET /styles/basic-preview/6/18/29.png [36m304[0m 18.022 ms - -[0m
[0mGET /styles/basic-preview/7/40/59.png [32m200[0m 522.126 ms - 3079[0m
[0mGET /styles/basic-preview/7/38/60.png [36m304[0m 13.026 ms - -[0m
[0mGET /styles/basic-preview/7/38/63.png [36m304[0m 16.386 ms - -[0m
[0mGET /styles/basic-preview/7/36/60.png [36m304[0m 13.169 ms - -[0m
[0mGET /styles/basic-preview/7/36/63.png [36m304[0m 17.091 ms - -[0m
[0mGET /styles/basic-preview/7/39/61.png [36m304[0m 15.125 ms - -[0m
[0mGET /styles/basic-preview/7/39/62.png [36m304[0m 15.951 ms - -[0m
[0mGET /styles/basic-preview/7/39/60.png [36m304[0m 6.111 ms - -[0m
[0mGET /styles/basic-preview/7/39/63.png [36m304[0m 7.380 ms - -[0m
[0mGET /styles/basic-preview/7/36/59.png [32m200[0m 248.586 ms - 1833[0m
[0mGET /styles/basic-preview/7/35/62.png [32m200[0m 263.784 ms - 2246[0m
[0mGET /styles/basic-preview/7/35/61.png [32m200[0m 283.355 ms - 12854[0m
[0mGET /styles/basic-preview/8/76/124.png [32m200[0m 273.868 ms - 21864[0m
[0mGET /styles/basic-preview/8/75/124.png [32m200[0m 333.271 ms - 31210[0m
[0mGET /styles/basic-preview/8/75/125.png [32m200[0m 331.532 ms - 30149[0m
[0mGET /styles/basic-preview/8/75/123.png [32m200[0m 316.915 ms - 20456[0m
[0mGET /styles/basic-preview/8/74/125.png [32m200[0m 345.630 ms - 21465[0m
[0mGET /styles/basic-preview/8/74/124.png [32m200[0m 372.108 ms - 32378[0m
[0mGET /styles/basic-preview/8/76/125.png [32m200[0m 225.790 ms - 6176[0m
[0mGET /styles/basic-preview/8/77/126.png [0m-[0m - ms - -[0m
[0mGET /styles/basic-preview/8/76/122.png [0m-[0m - ms - -[0m
[0mGET /styles/basic-preview/8/77/125.png [0m-[0m - ms - -[0m
[0mGET /styles/basic-preview/8/73/125.png [0m-[0m - ms - -[0m
[0mGET /styles/basic-preview/8/73/124.png [0m-[0m - ms - -[0m
[0mGET /styles/basic-preview/8/75/122.png [0m-[0m - ms - -[0m
[0mGET /styles/basic-preview/8/74/123.png [0m-[0m - ms - -[0m
[0mGET /styles/basic-preview/8/75/126.png [32m200[0m 281.297 ms - 22676[0m
[0mGET /styles/basic-preview/8/76/126.png [0m-[0m - ms - -[0m
[0mGET /styles/basic-preview/8/74/126.png [32m200[0m 267.406 ms - 20892[0m
[0mGET /styles/basic-preview/8/76/123.png [0m-[0m - ms - -[0m
